// Jest Snapshot v1, https://goo.gl/fbAQLP

exports[`login component renders login page 1`] = `
<main
  className="MuiContainer-root MuiContainer-maxWidthXs"
>
  <div
    className="makeStyles-paper-1"
  >
    <div
      className="MuiAvatar-root MuiAvatar-circular makeStyles-avatar-2 MuiAvatar-colorDefault"
    >
      <svg
        aria-hidden={true}
        className="MuiSvgIcon-root"
        focusable="false"
        viewBox="0 0 24 24"
      >
        <path
          d="M18 8h-1V6c0-2.76-2.24-5-5-5S7 3.24 7 6v2H6c-1.1 0-2 .9-2 2v10c0 1.1.9 2 2 2h12c1.1 0 2-.9 2-2V10c0-1.1-.9-2-2-2zM9 6c0-1.66 1.34-3 3-3s3 1.34 3 3v2H9V6zm9 14H6V10h12v10zm-6-3c1.1 0 2-.9 2-2s-.9-2-2-2-2 .9-2 2 .9 2 2 2z"
        />
      </svg>
    </div>
    <h1
      className="MuiTypography-root MuiTypography-h5"
    >
      Sign In
    </h1>
    <form
      className="makeStyles-form-3"
      method="post"
      noValidate={true}
      onSubmit={[Function]}
    >
      <div
        className="MuiGrid-root MuiGrid-container MuiGrid-spacing-xs-2"
      >
        <div
          className="MuiGrid-root MuiGrid-item MuiGrid-grid-xs-12"
        >
          <div
            className="MuiFormControl-root MuiTextField-root MuiFormControl-fullWidth"
          >
            <label
              className="MuiFormLabel-root MuiInputLabel-root MuiInputLabel-formControl MuiInputLabel-animated MuiInputLabel-outlined Mui-required Mui-required"
              data-shrink={false}
              htmlFor="username"
              id="username-label"
            >
              Username
              <span
                aria-hidden={true}
                className="MuiFormLabel-asterisk MuiInputLabel-asterisk"
              >
                 
                *
              </span>
            </label>
            <div
              className="MuiInputBase-root MuiOutlinedInput-root MuiInputBase-fullWidth MuiInputBase-formControl"
              onClick={[Function]}
            >
              <input
                aria-invalid={false}
                autoComplete="string"
                autoFocus={false}
                className="MuiInputBase-input MuiOutlinedInput-input"
                disabled={false}
                id="username"
                name="username"
                onAnimationStart={[Function]}
                onBlur={[Function]}
                onChange={[Function]}
                onFocus={[Function]}
                required={true}
                type="text"
                value=""
              />
              <fieldset
                aria-hidden={true}
                className="PrivateNotchedOutline-root-5 MuiOutlinedInput-notchedOutline"
              >
                <legend
                  className="PrivateNotchedOutline-legendLabelled-7"
                >
                  <span>
                    Username
                     *
                  </span>
                </legend>
              </fieldset>
            </div>
            
          </div>
        </div>
        <div
          className="MuiGrid-root MuiGrid-item MuiGrid-grid-xs-12"
        >
          <div
            className="MuiFormControl-root MuiTextField-root MuiFormControl-fullWidth"
          >
            <label
              className="MuiFormLabel-root MuiInputLabel-root MuiInputLabel-formControl MuiInputLabel-animated MuiInputLabel-outlined Mui-required Mui-required"
              data-shrink={false}
              htmlFor="password"
              id="password-label"
            >
              Password
              <span
                aria-hidden={true}
                className="MuiFormLabel-asterisk MuiInputLabel-asterisk"
              >
                 
                *
              </span>
            </label>
            <div
              className="MuiInputBase-root MuiOutlinedInput-root MuiInputBase-fullWidth MuiInputBase-formControl"
              onClick={[Function]}
            >
              <input
                aria-invalid={false}
                autoComplete="current-password"
                autoFocus={false}
                className="MuiInputBase-input MuiOutlinedInput-input"
                disabled={false}
                id="password"
                name="password"
                onAnimationStart={[Function]}
                onBlur={[Function]}
                onChange={[Function]}
                onFocus={[Function]}
                required={true}
                type="password"
                value=""
              />
              <fieldset
                aria-hidden={true}
                className="PrivateNotchedOutline-root-5 MuiOutlinedInput-notchedOutline"
              >
                <legend
                  className="PrivateNotchedOutline-legendLabelled-7"
                >
                  <span>
                    Password
                     *
                  </span>
                </legend>
              </fieldset>
            </div>
            
          </div>
        </div>
      </div>
      <button
        className="MuiButtonBase-root MuiButton-root MuiButton-contained makeStyles-submit-4 MuiButton-containedPrimary MuiButton-fullWidth"
        disabled={false}
        onBlur={[Function]}
        onDragLeave={[Function]}
        onFocus={[Function]}
        onKeyDown={[Function]}
        onKeyUp={[Function]}
        onMouseDown={[Function]}
        onMouseLeave={[Function]}
        onMouseUp={[Function]}
        onTouchEnd={[Function]}
        onTouchMove={[Function]}
        onTouchStart={[Function]}
        tabIndex={0}
        type="submit"
      >
        <span
          className="MuiButton-label"
        >
          Log In
        </span>
      </button>
    </form>
  </div>
</main>
`;
