// Jest Snapshot v1, https://goo.gl/fbAQLP

exports[`page layout component renders PageLayout component 1`] = `
<div
  className="makeStyles-root-1"
>
  <header
    className="MuiPaper-root MuiAppBar-root MuiAppBar-positionFixed MuiAppBar-colorPrimary makeStyles-appBar-5 mui-fixed MuiPaper-elevation4"
  >
    <div
      className="MuiToolbar-root MuiToolbar-regular MuiToolbar-gutters"
    >
      <button
        aria-label="open drawer"
        className="MuiButtonBase-root MuiIconButton-root makeStyles-menuButton-7 MuiIconButton-colorInherit MuiIconButton-edgeStart"
        disabled={false}
        onBlur={[Function]}
        onClick={[Function]}
        onDragLeave={[Function]}
        onFocus={[Function]}
        onKeyDown={[Function]}
        onKeyUp={[Function]}
        onMouseDown={[Function]}
        onMouseLeave={[Function]}
        onMouseUp={[Function]}
        onTouchEnd={[Function]}
        onTouchMove={[Function]}
        onTouchStart={[Function]}
        tabIndex={0}
        type="button"
      >
        <span
          className="MuiIconButton-label"
        >
          <svg
            aria-hidden={true}
            className="MuiSvgIcon-root"
            focusable="false"
            viewBox="0 0 24 24"
          >
            <path
              d="M3 18h18v-2H3v2zm0-5h18v-2H3v2zm0-7v2h18V6H3z"
            />
          </svg>
        </span>
        <span
          className="MuiTouchRipple-root"
        />
      </button>
      <h6
        className="MuiTypography-root MuiTypography-h6 MuiTypography-noWrap"
      >
        What's On My App
      </h6>
    </div>
  </header>
  <div
    className="MuiDrawer-root MuiDrawer-docked makeStyles-drawer-9"
  >
    <div
      className="MuiPaper-root MuiDrawer-paper makeStyles-drawerPaper-10 MuiDrawer-paperAnchorLeft MuiDrawer-paperAnchorDockedLeft MuiPaper-elevation0"
      style={
        Object {
          "visibility": "hidden",
        }
      }
    >
      <div
        className="makeStyles-drawerHeader-11"
      >
        <button
          className="MuiButtonBase-root MuiIconButton-root"
          disabled={false}
          onBlur={[Function]}
          onClick={[Function]}
          onDragLeave={[Function]}
          onFocus={[Function]}
          onKeyDown={[Function]}
          onKeyUp={[Function]}
          onMouseDown={[Function]}
          onMouseLeave={[Function]}
          onMouseUp={[Function]}
          onTouchEnd={[Function]}
          onTouchMove={[Function]}
          onTouchStart={[Function]}
          tabIndex={0}
          type="button"
        >
          <span
            className="MuiIconButton-label"
          >
            <svg
              aria-hidden={true}
              className="MuiSvgIcon-root"
              focusable="false"
              viewBox="0 0 24 24"
            >
              <path
                d="M15.41 7.41L14 6l-6 6 6 6 1.41-1.41L10.83 12z"
              />
            </svg>
          </span>
          <span
            className="MuiTouchRipple-root"
          />
        </button>
      </div>
      <hr
        className="MuiDivider-root"
      />
      <ul
        className="MuiList-root MuiList-padding"
      >
        <a
          aria-current="page"
          aria-disabled={false}
          className="MuiButtonBase-root MuiListItem-root MuiListItem-gutters MuiListItem-button active"
          href="/signin"
          onBlur={[Function]}
          onClick={[Function]}
          onDragLeave={[Function]}
          onFocus={[Function]}
          onKeyDown={[Function]}
          onKeyUp={[Function]}
          onMouseDown={[Function]}
          onMouseLeave={[Function]}
          onMouseUp={[Function]}
          onTouchEnd={[Function]}
          onTouchMove={[Function]}
          onTouchStart={[Function]}
          role="button"
          style={Object {}}
          tabIndex={0}
        >
          <div
            className="MuiListItemIcon-root"
          >
            <svg
              aria-hidden={true}
              className="MuiSvgIcon-root"
              focusable="false"
              viewBox="0 0 24 24"
            >
              <path
                d="M12 2C6.48 2 2 6.48 2 12s4.48 10 10 10 10-4.48 10-10S17.52 2 12 2zm0 3c1.66 0 3 1.34 3 3s-1.34 3-3 3-3-1.34-3-3 1.34-3 3-3zm0 14.2c-2.5 0-4.71-1.28-6-3.22.03-1.99 4-3.08 6-3.08 1.99 0 5.97 1.09 6 3.08-1.29 1.94-3.5 3.22-6 3.22z"
              />
            </svg>
          </div>
          <div
            className="MuiListItemText-root"
          >
            <span
              className="MuiTypography-root MuiListItemText-primary MuiTypography-body1 MuiTypography-displayBlock"
            >
              Sign-In
            </span>
          </div>
          <span
            className="MuiTouchRipple-root"
          />
        </a>
        <a
          aria-current={null}
          aria-disabled={false}
          className="MuiButtonBase-root MuiListItem-root MuiListItem-gutters MuiListItem-button"
          href="/register"
          onBlur={[Function]}
          onClick={[Function]}
          onDragLeave={[Function]}
          onFocus={[Function]}
          onKeyDown={[Function]}
          onKeyUp={[Function]}
          onMouseDown={[Function]}
          onMouseLeave={[Function]}
          onMouseUp={[Function]}
          onTouchEnd={[Function]}
          onTouchMove={[Function]}
          onTouchStart={[Function]}
          role="button"
          tabIndex={0}
        >
          <div
            className="MuiListItemIcon-root"
          >
            <svg
              aria-hidden={true}
              className="MuiSvgIcon-root"
              focusable="false"
              viewBox="0 0 24 24"
            >
              <path
                d="M19 13h-6v6h-2v-6H5v-2h6V5h2v6h6v2z"
              />
            </svg>
          </div>
          <div
            className="MuiListItemText-root"
          >
            <span
              className="MuiTypography-root MuiListItemText-primary MuiTypography-body1 MuiTypography-displayBlock"
            >
              Register
            </span>
          </div>
          <span
            className="MuiTouchRipple-root"
          />
        </a>
      </ul>
    </div>
  </div>
  <main
    className="makeStyles-content-3"
  >
    <div
      className="makeStyles-drawerHeader-2"
    />
    <main
      className="MuiContainer-root MuiContainer-maxWidthXs"
    >
      <div
        className="makeStyles-paper-12"
      >
        <div
          className="MuiAvatar-root MuiAvatar-circular makeStyles-avatar-13 MuiAvatar-colorDefault"
        >
          <svg
            aria-hidden={true}
            className="MuiSvgIcon-root"
            focusable="false"
            viewBox="0 0 24 24"
          >
            <path
              d="M18 8h-1V6c0-2.76-2.24-5-5-5S7 3.24 7 6v2H6c-1.1 0-2 .9-2 2v10c0 1.1.9 2 2 2h12c1.1 0 2-.9 2-2V10c0-1.1-.9-2-2-2zM9 6c0-1.66 1.34-3 3-3s3 1.34 3 3v2H9V6zm9 14H6V10h12v10zm-6-3c1.1 0 2-.9 2-2s-.9-2-2-2-2 .9-2 2 .9 2 2 2z"
            />
          </svg>
        </div>
        <h1
          className="MuiTypography-root MuiTypography-h5"
        >
          Sign In
        </h1>
        <form
          className="makeStyles-form-14"
          method="post"
          noValidate={true}
          onSubmit={[Function]}
        >
          <div
            className="MuiGrid-root MuiGrid-container MuiGrid-spacing-xs-2"
          >
            <div
              className="MuiGrid-root MuiGrid-item MuiGrid-grid-xs-12"
            >
              <div
                className="MuiFormControl-root MuiTextField-root MuiFormControl-fullWidth"
              >
                <label
                  className="MuiFormLabel-root MuiInputLabel-root MuiInputLabel-formControl MuiInputLabel-animated MuiInputLabel-outlined Mui-required Mui-required"
                  data-shrink={false}
                  htmlFor="username"
                  id="username-label"
                >
                  Username
                  <span
                    aria-hidden={true}
                    className="MuiFormLabel-asterisk MuiInputLabel-asterisk"
                  >
                     
                    *
                  </span>
                </label>
                <div
                  className="MuiInputBase-root MuiOutlinedInput-root MuiInputBase-fullWidth MuiInputBase-formControl"
                  onClick={[Function]}
                >
                  <input
                    aria-invalid={false}
                    autoComplete="string"
                    autoFocus={false}
                    className="MuiInputBase-input MuiOutlinedInput-input"
                    disabled={false}
                    id="username"
                    name="username"
                    onAnimationStart={[Function]}
                    onBlur={[Function]}
                    onChange={[Function]}
                    onFocus={[Function]}
                    required={true}
                    type="text"
                    value=""
                  />
                  <fieldset
                    aria-hidden={true}
                    className="PrivateNotchedOutline-root-16 MuiOutlinedInput-notchedOutline"
                  >
                    <legend
                      className="PrivateNotchedOutline-legendLabelled-18"
                    >
                      <span>
                        Username
                         *
                      </span>
                    </legend>
                  </fieldset>
                </div>
                
              </div>
            </div>
            <div
              className="MuiGrid-root MuiGrid-item MuiGrid-grid-xs-12"
            >
              <div
                className="MuiFormControl-root MuiTextField-root MuiFormControl-fullWidth"
              >
                <label
                  className="MuiFormLabel-root MuiInputLabel-root MuiInputLabel-formControl MuiInputLabel-animated MuiInputLabel-outlined Mui-required Mui-required"
                  data-shrink={false}
                  htmlFor="password"
                  id="password-label"
                >
                  Password
                  <span
                    aria-hidden={true}
                    className="MuiFormLabel-asterisk MuiInputLabel-asterisk"
                  >
                     
                    *
                  </span>
                </label>
                <div
                  className="MuiInputBase-root MuiOutlinedInput-root MuiInputBase-fullWidth MuiInputBase-formControl"
                  onClick={[Function]}
                >
                  <input
                    aria-invalid={false}
                    autoComplete="current-password"
                    autoFocus={false}
                    className="MuiInputBase-input MuiOutlinedInput-input"
                    disabled={false}
                    id="password"
                    name="password"
                    onAnimationStart={[Function]}
                    onBlur={[Function]}
                    onChange={[Function]}
                    onFocus={[Function]}
                    required={true}
                    type="password"
                    value=""
                  />
                  <fieldset
                    aria-hidden={true}
                    className="PrivateNotchedOutline-root-16 MuiOutlinedInput-notchedOutline"
                  >
                    <legend
                      className="PrivateNotchedOutline-legendLabelled-18"
                    >
                      <span>
                        Password
                         *
                      </span>
                    </legend>
                  </fieldset>
                </div>
                
              </div>
            </div>
          </div>
          <button
            className="MuiButtonBase-root MuiButton-root MuiButton-contained makeStyles-submit-15 MuiButton-containedPrimary MuiButton-fullWidth"
            disabled={false}
            onBlur={[Function]}
            onDragLeave={[Function]}
            onFocus={[Function]}
            onKeyDown={[Function]}
            onKeyUp={[Function]}
            onMouseDown={[Function]}
            onMouseLeave={[Function]}
            onMouseUp={[Function]}
            onTouchEnd={[Function]}
            onTouchMove={[Function]}
            onTouchStart={[Function]}
            tabIndex={0}
            type="submit"
          >
            <span
              className="MuiButton-label"
            >
              Log In
            </span>
          </button>
        </form>
      </div>
    </main>
  </main>
</div>
`;
